---
source: prost-reflect/tests/main.rs
expression: actual
---
file:
  - name: test.proto
    messageType:
      - name: Foo
        options:
          mapEntry: true

