---
source: prost-reflect/tests/main.rs
expression: actual
---
file:
  - name: test.proto
    messageType:
      - name: Foo
        options:
          messageSetWireFormat: true
        reservedRange:
          - start: 1
            end: 2147483647

